// Jest Snapshot v1, https://goo.gl/fbAQLP

exports[`RichFileUploader renders a basic file upload component 1`] = `
<div
  id="key"
  onClick={[Function]}
  style={
    Object {
      "alignItems": "center",
      "border": "1px solid lightgrey",
      "borderRadius": "4px",
      "cursor": "pointer",
      "display": "flex",
      "flexDirection": "column",
      "height": "50%",
      "justifyContent": "center",
      "marginBottom": "undefinedpx",
      "marginLeft": "undefinedpx",
      "marginRight": "undefinedpx",
      "marginTop": "undefinedpx",
      "maxHeight": "100%",
      "overflow": "hidden",
      "paddingBottom": "0px",
      "paddingLeft": "0px",
      "paddingRight": "0px",
      "paddingTop": "0px",
      "position": "relative",
      "width": "50px",
    }
  }
>
  
  
  <div
    onClick={[Function]}
    style={
      Object {
        "alignItems": "center",
        "background": "#AAA",
        "borderRadius": "50%",
        "color": "white",
        "cursor": "pointer",
        "display": "flex",
        "height": "16px",
        "justifyContent": "center",
        "position": "absolute",
        "right": "4px",
        "top": "4px",
        "width": "16px",
      }
    }
  >
    <svg
      className="clear"
      fill="none"
      height="12px"
      stroke="currentColor"
      strokeLinecap="round"
      strokeLinejoin="round"
      strokeWidth="2"
      style={
        Object {
          "color": undefined,
        }
      }
      viewBox="0 0 24 24"
      width="12px"
      xmlns="http://www.w3.org/2000/svg"
    >
      <line
        x1="18"
        x2="6"
        y1="6"
        y2="18"
      />
      <line
        x1="6"
        x2="18"
        y1="6"
        y2="18"
      />
    </svg>
  </div>
  <input
    accept="image/*"
    onChange={[Function]}
    style={
      Object {
        "display": "none",
      }
    }
    type="file"
  />
</div>
`;
