// Jest Snapshot v1, https://goo.gl/fbAQLP

exports[`ButtonGroupField renders an empty Button group 1`] = `
<div
  className="css-2cev0g-ButtonGroupField"
/>
`;

exports[`ButtonGroupField renders an empty Button group with options 1`] = `
<div
  className="css-2cev0g-ButtonGroupField"
>
  <div
    className="css-1w981eq"
    id="key"
    onClick={[MockFunction]}
  >
    
    opt1
  </div>
  <div
    className="css-1w981eq"
    id="key"
    onClick={[MockFunction]}
  >
    
    opt2
  </div>
</div>
`;
