// Jest Snapshot v1, https://goo.gl/fbAQLP

exports[`RadioButtonGroupField renders a Radio Button group 1`] = `
<div
  className="css-bk9udp-RadioButtonGroupField"
/>
`;

exports[`RadioButtonGroupField renders a Radio Button group with metadata options 1`] = `
<div
  className="css-bk9udp-RadioButtonGroupField"
>
  <div
    className="css-gwhptf form-check"
    style={
      Object {
        "alignItems": "center",
        "display": "flex",
        "marginBottom": "5px",
      }
    }
  >
    <input
      checked={false}
      className="form-check-input"
      disabled={false}
      id="key-0"
      onChange={[MockFunction]}
      onClick={[MockFunction]}
      required={true}
      type="radio"
      value="opt1"
    />
    <label
      className="form-check-label"
      htmlFor="key-0"
      title=""
    >
      opt1
    </label>
  </div>
</div>
`;

exports[`RadioButtonGroupField renders a Radio Button group with metadata options and others field enabled 1`] = `
<div
  className="css-bk9udp-RadioButtonGroupField"
>
  <div
    className="css-gwhptf form-check"
    style={
      Object {
        "alignItems": "center",
        "display": "flex",
        "marginBottom": "5px",
      }
    }
  >
    <input
      checked={false}
      className="form-check-input"
      disabled={false}
      id="key-0"
      onChange={[MockFunction]}
      onClick={[MockFunction]}
      required={true}
      type="radio"
      value="opt1"
    />
    <label
      className="form-check-label"
      htmlFor="key-0"
      title=""
    >
      opt1
    </label>
  </div>
</div>
`;
