// Jest Snapshot v1, https://goo.gl/fbAQLP

exports[`Form renders a basic form 1`] = `
<form
  className="form-class"
  onSubmit={[Function]}
  style={
    Object {
      "backgroundColor": "#FFFFFF",
      "display": "grid",
      "gridTemplateColumns": "100%",
      "gridTemplateRows": "minmax(500px,min-content)",
      "justifyContent": "center",
      "maxWidth": "100%",
      "width": "500px",
    }
  }
>
  <div
    style={
      Object {
        "alignItems": "center",
        "color": "#000000",
        "display": "flex",
        "flexDirection": "column",
        "fontFamily": "monospace",
        "fontSize": "12px",
        "fontStyle": "normal",
        "fontWeight": 400,
        "gridColumnEnd": 2,
        "gridColumnStart": 1,
        "gridRowEnd": 2,
        "gridRowStart": 1,
        "justifyContent": "center",
        "paddingBottom": "8px",
        "paddingLeft": "8px",
        "paddingRight": "8px",
        "paddingTop": "8px",
        "width": "100%",
      }
    }
  >
    <label
      htmlFor="key1"
      style={
        Object {
          "marginBottom": "10px",
        }
      }
    >
      Checkbox 1
    </label>
    <div
      className="form-check"
      style={
        Object {
          "alignItems": "center",
          "display": "flex",
        }
      }
    >
      <input
        checked={false}
        className="form-check-input position-static"
        disabled={false}
        id="key1"
        onChange={[Function]}
        onClick={[Function]}
        type="checkbox"
      />
    </div>
  </div>
</form>
`;
